// Jest Snapshot v1, https://goo.gl/fbAQLP

exports[`ColorModeSwitcher Should match snapshot. 1`] = `
.emotion-0 {
  width: 64px;
  height: 32px;
  background: var(--chakra-colors-blue-200);
  border-radius: 18px;
  position: relative;
}

.chakra-ui-dark .emotion-0:not([data-theme]),
[data-theme=dark] .emotion-0:not([data-theme]),
.emotion-0[data-theme=dark] {
  border-color: var(--chakra-colors-gray-50);
}

.emotion-1 {
  border-radius: 50%;
  background: var(--chakra-colors-blue-200);
  width: 18px;
  height: 18px;
  position: absolute;
  left: 0px;
  top: 7px;
  z-index: 3;
}

.emotion-2 {
  border-radius: 50%;
  background: var(--chakra-colors-yellow-400);
  width: 18px;
  height: 18px;
  position: absolute;
  left: 6px;
  top: 7px;
  -webkit-transform: translateX(34px);
  -moz-transform: translateX(34px);
  -ms-transform: translateX(34px);
  transform: translateX(34px);
  -webkit-transition: -webkit-transform 0.5s;
  transition: transform 0.5s;
  z-index: 2;
}

.emotion-3 {
  width: 24px;
  height: 24px;
  display: inline-block;
  line-height: 1em;
  -webkit-flex-shrink: 0;
  -ms-flex-negative: 0;
  flex-shrink: 0;
  color: currentColor;
  width: 16px;
  height: 16px;
  display: inline-block;
  line-height: 1em;
  -webkit-flex-shrink: 0;
  -ms-flex-negative: 0;
  flex-shrink: 0;
  color: var(--chakra-colors-white);
  position: absolute;
  right: 8px;
  top: 7px;
  opacity: 0;
  -webkit-transition: opacity 0.3s;
  transition: opacity 0.3s;
  z-index: 1;
}

.emotion-4 {
  width: 24px;
  height: 24px;
  display: inline-block;
  line-height: 1em;
  -webkit-flex-shrink: 0;
  -ms-flex-negative: 0;
  flex-shrink: 0;
  color: currentColor;
  width: 16px;
  height: 16px;
  display: inline-block;
  line-height: 1em;
  -webkit-flex-shrink: 0;
  -ms-flex-negative: 0;
  flex-shrink: 0;
  color: var(--chakra-colors-white);
  position: absolute;
  left: 8px;
  top: 7px;
  opacity: 1;
  -webkit-transition: opacity 0.4s;
  transition: opacity 0.4s;
  z-index: 4;
}

<div>
  <button
    aria-label="Switch to light mode"
    class="emotion-0"
  >
    <div
      class="emotion-1"
    />
    <div
      class="emotion-2"
    />
    <svg
      class="chakra-icon chakra-icon stars emotion-3"
      fill="currentColor"
      focusable="false"
      height="1em"
      stroke="currentColor"
      stroke-width="0"
      viewBox="0 0 16 16"
      width="1em"
      xmlns="http://www.w3.org/2000/svg"
    >
      <path
        d="M7.657 6.247c.11-.33.576-.33.686 0l.645 1.937a2.89 2.89 0 0 0 1.829 1.828l1.936.645c.33.11.33.576 0 .686l-1.937.645a2.89 2.89 0 0 0-1.828 1.829l-.645 1.936a.361.361 0 0 1-.686 0l-.645-1.937a2.89 2.89 0 0 0-1.828-1.828l-1.937-.645a.361.361 0 0 1 0-.686l1.937-.645a2.89 2.89 0 0 0 1.828-1.828l.645-1.937zM3.794 1.148a.217.217 0 0 1 .412 0l.387 1.162c.173.518.579.924 1.097 1.097l1.162.387a.217.217 0 0 1 0 .412l-1.162.387A1.734 1.734 0 0 0 4.593 5.69l-.387 1.162a.217.217 0 0 1-.412 0L3.407 5.69A1.734 1.734 0 0 0 2.31 4.593l-1.162-.387a.217.217 0 0 1 0-.412l1.162-.387A1.734 1.734 0 0 0 3.407 2.31l.387-1.162zM10.863.099a.145.145 0 0 1 .274 0l.258.774c.115.346.386.617.732.732l.774.258a.145.145 0 0 1 0 .274l-.774.258a1.156 1.156 0 0 0-.732.732l-.258.774a.145.145 0 0 1-.274 0l-.258-.774a1.156 1.156 0 0 0-.732-.732L9.1 2.137a.145.145 0 0 1 0-.274l.774-.258c.346-.115.617-.386.732-.732L10.863.1z"
      />
    </svg>
    <svg
      class="chakra-icon chakra-icon cloud emotion-4"
      fill="currentColor"
      focusable="false"
      height="1em"
      stroke="currentColor"
      stroke-width="0"
      viewBox="0 0 16 16"
      width="1em"
      xmlns="http://www.w3.org/2000/svg"
    >
      <path
        d="M11.473 9a4.5 4.5 0 0 0-8.72-.99A3 3 0 0 0 3 14h8.5a2.5 2.5 0 1 0-.027-5z"
      />
      <path
        d="M14.544 9.772a3.506 3.506 0 0 0-2.225-1.676 5.502 5.502 0 0 0-6.337-4.002 4.002 4.002 0 0 1 7.392.91 2.5 2.5 0 0 1 1.17 4.769z"
      />
    </svg>
  </button>
  <span
    hidden=""
    id="__chakra_env"
  />
</div>
`;
