// Jest Snapshot v1, https://goo.gl/fbAQLP

exports[`NavLinks Should match snapshot. 1`] = `
.emotion-0 {
  transition-property: var(--chakra-transition-property-common);
  transition-duration: var(--chakra-transition-duration-fast);
  transition-timing-function: var(--chakra-transition-easing-ease-out);
  cursor: pointer;
  -webkit-text-decoration: none;
  text-decoration: none;
  outline: 2px solid transparent;
  outline-offset: 2px;
  color: inherit;
  font-family: var(--chakra-fonts-mono);
  font-size: var(--chakra-fontSizes-xs);
  font-weight: var(--chakra-fontWeights-bold);
  -webkit-transition: text-shadow 0.2s linear,color 0.2s linear;
  transition: text-shadow 0.2s linear,color 0.2s linear;
  position: relative;
  -webkit-order: 1;
  -ms-flex-order: 1;
  order: 1;
  text-transform: capitalize;
}

.emotion-0:hover,
.emotion-0[data-hover] {
  -webkit-text-decoration: none;
  text-decoration: none;
}

.emotion-0:hover::before,
.emotion-0[data-hover]::before {
  -webkit-transform: scaleX(1);
  -moz-transform: scaleX(1);
  -ms-transform: scaleX(1);
  transform: scaleX(1);
}

.emotion-0:focus-visible,
.emotion-0[data-focus-visible] {
  box-shadow: var(--chakra-shadows-outline);
}

.emotion-0::before {
  content: "";
  position: absolute;
  display: block;
  width: 100%;
  height: 2px;
  bottom: calc(var(--chakra-space-1) * -1);
  left: 0px;
  background-color: var(--chakra-colors-gray-800);
  -webkit-transform: scaleX(0);
  -moz-transform: scaleX(0);
  -ms-transform: scaleX(0);
  transform: scaleX(0);
  -webkit-transition: -webkit-transform 0.3s ease;
  transition: transform 0.3s ease;
}

.chakra-ui-dark .emotion-0:not([data-theme])::before,
[data-theme=dark] .emotion-0:not([data-theme])::before,
.emotion-0[data-theme=dark]::before {
  background-color: var(--chakra-colors-gray-50);
}

.emotion-2 {
  display: -webkit-inline-box;
  display: -webkit-inline-flex;
  display: -ms-inline-flexbox;
  display: inline-flex;
  -webkit-appearance: none;
  -moz-appearance: none;
  -ms-appearance: none;
  appearance: none;
  -webkit-align-items: center;
  -webkit-box-align: center;
  -ms-flex-align: center;
  align-items: center;
  -webkit-box-pack: center;
  -ms-flex-pack: center;
  -webkit-justify-content: center;
  justify-content: center;
  -webkit-user-select: none;
  -moz-user-select: none;
  -ms-user-select: none;
  user-select: none;
  position: relative;
  white-space: nowrap;
  vertical-align: middle;
  outline: 2px solid transparent;
  outline-offset: 2px;
  line-height: 1.2;
  border-radius: var(--chakra-radii-md);
  font-weight: var(--chakra-fontWeights-semibold);
  transition-property: var(--chakra-transition-property-common);
  transition-duration: var(--chakra-transition-duration-normal);
  height: var(--chakra-sizes-8);
  min-width: var(--chakra-sizes-8);
  font-size: var(--chakra-fontSizes-sm);
  -webkit-padding-start: var(--chakra-space-3);
  padding-inline-start: var(--chakra-space-3);
  -webkit-padding-end: var(--chakra-space-3);
  padding-inline-end: var(--chakra-space-3);
  color: var(--chakra-colors-blue-200);
  background: var(--chakra-colors-transparent);
  padding: 0px;
}

.emotion-2:focus-visible,
.emotion-2[data-focus-visible] {
  box-shadow: var(--chakra-shadows-outline);
}

.emotion-2[disabled],
.emotion-2[aria-disabled=true],
.emotion-2[data-disabled] {
  opacity: 0.4;
  cursor: not-allowed;
  box-shadow: var(--chakra-shadows-none);
}

.emotion-2:hover,
.emotion-2[data-hover] {
  background: rgba(144, 205, 244, 0.12);
}

.emotion-2:hover[disabled],
.emotion-2[data-hover][disabled],
.emotion-2:hover[aria-disabled=true],
.emotion-2[data-hover][aria-disabled=true],
.emotion-2:hover[data-disabled],
.emotion-2[data-hover][data-disabled] {
  background: initial;
}

.emotion-2:active,
.emotion-2[data-active] {
  background: rgba(144, 205, 244, 0.24);
}

.emotion-3 {
  width: 24px;
  height: 24px;
  display: inline-block;
  line-height: 1em;
  -webkit-flex-shrink: 0;
  -ms-flex-negative: 0;
  flex-shrink: 0;
  color: currentColor;
}

.emotion-4 {
  z-index: 1;
}

.emotion-5 {
  outline: 2px solid transparent;
  outline-offset: 2px;
  background: var(--chakra-colors-gray-700);
  box-shadow: var(--chakra-shadows-dark-lg);
  color: inherit;
  min-width: var(--chakra-sizes-3xs);
  padding-top: var(--chakra-space-2);
  padding-bottom: var(--chakra-space-2);
  z-index: 1;
  border-radius: var(--chakra-radii-md);
  border-width: 1px;
  -webkit-padding-start: var(--chakra-space-4);
  padding-inline-start: var(--chakra-space-4);
  -webkit-padding-end: var(--chakra-space-4);
  padding-inline-end: var(--chakra-space-4);
}

.emotion-6 {
  transition-property: var(--chakra-transition-property-common);
  transition-duration: var(--chakra-transition-duration-fast);
  transition-timing-function: var(--chakra-transition-easing-ease-out);
  cursor: pointer;
  -webkit-text-decoration: none;
  text-decoration: none;
  outline: 2px solid transparent;
  outline-offset: 2px;
  color: inherit;
  font-family: var(--chakra-fonts-mono);
  font-size: var(--chakra-fontSizes-xs);
  font-weight: var(--chakra-fontWeights-bold);
  -webkit-transition: text-shadow 0.2s linear,color 0.2s linear;
  transition: text-shadow 0.2s linear,color 0.2s linear;
  position: relative;
  -webkit-text-decoration: none;
  text-decoration: none;
  color: inherit;
  -webkit-user-select: none;
  -moz-user-select: none;
  -ms-user-select: none;
  user-select: none;
  display: -webkit-box;
  display: -webkit-flex;
  display: -ms-flexbox;
  display: flex;
  width: 100%;
  -webkit-align-items: center;
  -webkit-box-align: center;
  -ms-flex-align: center;
  align-items: center;
  text-align: start;
  -webkit-flex: 0 0 auto;
  -ms-flex: 0 0 auto;
  flex: 0 0 auto;
  outline: 2px solid transparent;
  outline-offset: 2px;
  padding-top: var(--chakra-space-1-5);
  padding-bottom: var(--chakra-space-1-5);
  -webkit-padding-start: var(--chakra-space-3);
  padding-inline-start: var(--chakra-space-3);
  -webkit-padding-end: var(--chakra-space-3);
  padding-inline-end: var(--chakra-space-3);
  transition-property: var(--chakra-transition-property-background);
  transition-duration: var(--chakra-transition-duration-ultra-fast);
  transition-timing-function: var(--chakra-transition-easing-ease-in);
  -webkit-order: 1;
  -ms-flex-order: 1;
  order: 1;
  text-transform: capitalize;
}

.emotion-6:hover,
.emotion-6[data-hover] {
  -webkit-text-decoration: none;
  text-decoration: none;
}

.emotion-6:hover::before,
.emotion-6[data-hover]::before {
  -webkit-transform: scaleX(1);
  -moz-transform: scaleX(1);
  -ms-transform: scaleX(1);
  transform: scaleX(1);
}

.emotion-6:focus-visible,
.emotion-6[data-focus-visible] {
  box-shadow: var(--chakra-shadows-outline);
}

.emotion-6::before {
  content: "";
  position: absolute;
  display: block;
  width: 100%;
  height: 2px;
  bottom: calc(var(--chakra-space-1) * -1);
  left: 0px;
  background-color: var(--chakra-colors-gray-800);
  -webkit-transform: scaleX(0);
  -moz-transform: scaleX(0);
  -ms-transform: scaleX(0);
  transform: scaleX(0);
  -webkit-transition: -webkit-transform 0.3s ease;
  transition: transform 0.3s ease;
}

.chakra-ui-dark .emotion-6:not([data-theme])::before,
[data-theme=dark] .emotion-6:not([data-theme])::before,
.emotion-6[data-theme=dark]::before {
  background-color: var(--chakra-colors-gray-50);
}

.emotion-6:focus,
.emotion-6[data-focus] {
  background: var(--chakra-colors-whiteAlpha-100);
}

.emotion-6:active,
.emotion-6[data-active] {
  background: var(--chakra-colors-whiteAlpha-200);
}

.emotion-6[aria-expanded=true],
.emotion-6[data-expanded] {
  background: var(--chakra-colors-whiteAlpha-100);
}

.emotion-6[disabled],
.emotion-6[aria-disabled=true],
.emotion-6[data-disabled] {
  opacity: 0.4;
  cursor: not-allowed;
}

<div>
  <ul
    class="NavLinks"
    data-testid="NavLinks-desktop"
  >
    <li>
      <a
        aria-current="false"
        class="chakra-link emotion-0"
        href="/test"
      >
        Test
      </a>
    </li>
  </ul>
  <div
    class="FloatingMenu"
  >
    <div
      class="emotion-1"
      data-testid="NavLinks-mobile"
    >
      <button
        aria-controls="menu-list-:r1:"
        aria-expanded="false"
        aria-haspopup="menu"
        class="chakra-button chakra-menu__menu-button emotion-2"
        data-testid="FloatingMenu-button"
        id="menu-button-:r1:"
        type="button"
      >
        <svg
          aria-hidden="true"
          class="chakra-icon emotion-3"
          fill="currentColor"
          focusable="false"
          height="1em"
          stroke="currentColor"
          stroke-width="0"
          viewBox="0 0 24 24"
          width="1em"
          xmlns="http://www.w3.org/2000/svg"
        >
          <path
            d="M4 6h16v2H4zm0 5h16v2H4zm0 5h16v2H4z"
          />
        </svg>
      </button>
      <div
        class="emotion-4"
        style="visibility: hidden; position: absolute; min-width: max-content; inset: 0 auto auto 0;"
      >
        <div
          aria-orientation="vertical"
          class="chakra-menu__menu-list emotion-5"
          id="menu-list-:r1:"
          role="menu"
          style="transform-origin: var(--popper-transform-origin); opacity: 0; visibility: hidden; transform: scale(0.8) translateZ(0);"
          tabindex="-1"
        >
          <a
            aria-current="false"
            class="chakra-link chakra-menu__menuitem emotion-6"
            data-index="0"
            href="/test"
            id="menu-list-:r1:-menuitem-:r2:"
            role="menuitem"
            tabindex="-1"
          >
            Test
          </a>
        </div>
      </div>
    </div>
  </div>
  <span
    hidden=""
    id="__chakra_env"
  />
</div>
`;
