// Vitest Snapshot v1

exports[`Layout. > Should match snapshot. 1`] = `
<div>
  <div
    class="w-screen h-screen bg-slate-50 dark:bg-gray-900 css-0"
  >
    <div
      class="css-0"
    >
      <a
        class="chakra-link css-0"
        href="/"
      />
      <div>
        <h1
          class="text-2xl font-body"
        >
          About
        </h1>
      </div>
    </div>
    <main />
    <footer />
  </div>
</div>
`;
