// Jest Snapshot v1, https://goo.gl/fbAQLP

exports[`Disk. Should match snapshot. 1`] = `
<div>
  <svg
    class="Disk"
    height="100%"
    role="img"
    viewBox="0 0 500 500"
    width="100%"
  >
    <g
      class="Disk__innerContainer"
    >
      <ellipse
        cx="250"
        cy="250"
        fill="black"
        rx="200"
        ry="220"
        stroke="black"
        stroke-width="4"
      />
      <ellipse
        cx="250"
        cy="250"
        fill="#1a1a1a"
        rx="160"
        ry="180"
        stroke="#1a1a1a"
        stroke-width="4"
      />
      <ellipse
        cx="250"
        cy="250"
        fill="#ECD51B"
        rx="120"
        ry="150"
        stroke="#ECD51B"
        stroke-width="4"
      />
      <ellipse
        cx="250"
        cy="250"
        fill="#2449DA"
        rx="80"
        ry="100"
        stroke="#2449DA"
        stroke-width="4"
      />
      <ellipse
        cx="250"
        cy="250"
        fill="#D94214"
        rx="40"
        ry="60"
        stroke="#D94214"
        stroke-width="4"
      />
      <text
        x="227"
        y="258"
      >
        HTML
      </text>
      <text
        x="227"
        y="178"
      >
        CSS
      </text>
      <text
        x="234"
        y="142"
      >
        JS
      </text>
    </g>
  </svg>
</div>
`;
