// Jest Snapshot v1, https://goo.gl/fbAQLP

exports[`Button Should match snapshot. 1`] = `
<div>
  <button
    class="Button "
  >
    Test
  </button>
</div>
`;
